Feraidon AbdulRahimzai
Sep 16, 2025
Computer Security
OverTheWireBandit
-------------------------------------------------------------------------------------------------------------------------

Level 0

Steps:

Login to Bandit using the following unix command: 

ssh -p 2220 bandit0@bandit.labs.overthewire.org

The password is given to us in the introduction page of
the game as: bandit0






Level 0 -> 1

Steps:

Open readme using command: cat readme

Password would be displayed for the next level.
Our password is: ZjLjTmM6FvvyRnrb2rfNWOZOTa6ip5If





Level 1 -> 2


Steps:

Because "-" is an escape character we cannot just feed it 
into the command line and hope for it to open a file of that name. 
Instead I used rev -  to open the file without taking it in as an 
escape character which automatically reverses it, hence we are able 
to open it. Then I reversed the reversed password to get the actual 
password by using rev again.

rev - | rev 

Pasword: 263JGJPfgU6LtdEvgfWU1XP5yac29mFx


Level 2 -> 3

Steps:



Password: MNk8KNH3Usiio41PRUEoDFPqfxLPlSmx








Level 3-4

Steps:


Pasword: 2WmrDFRmJIq3IPxneAaMGhap0pFhF3NJ









Level 4-5

Steps:

Password: 4oQYVPkxZOOEOO5pTW81FB8j8lxXGUQw






Level 5-6

Steps:

Password:HWasnPhtq9AVKe0dmk45nxy20cvUa6EG






Level 6-7

Steps:

bandit6@bandit:/$ find -type f -size 33c

this showed me the directory it was in and 
then I went a directory deeper and did the 
same command to which then led me to the file 
with the password


Password: morbNTDkSW6jIlUc0ymOdMaLnOlFVAaj








Level 7-8


Steps:

bandit7@bandit:~$ 
bandit7@bandit:~$ find -type f -name data
bandit7@bandit:~$ ls
data.txt
bandit7@bandit:~$ cat data.txt


and then I command f to find the word millionth and its correspondance password

Password: dfwvzFQi4mU0wfNbFOe9RoWskMLg7eEc





Level 8-9

Steps:



output:

bandit8@bandit:~$ sort data.txt | unique /u
Command 'unique' not found, but can be installed with:
apt install john
Please ask your administrator.
bandit8@bandit:~$ sort data.txt | /u
-bash: /u: No such file or directory
bandit8@bandit:~$ sort data.txt | uniq -u
4CKMh1JI91bUIZZPXDqGanal4xvAg0JM
bandit8@bandit:~$ 




Password:

4CKMh1JI91bUIZZPXDqGanal4xvAg0JM






Level 9-10

Steps:

bandit9@bandit:~$ strings data.txt



Password: FGUW5ilLVJrxX9kMYMmlN4MgbpfMiqey





Level 10-11

Steps:

bandit10@bandit:~$ ls
data.txt
bandit10@bandit:~$ data.txt
data.txt: command not found
bandit10@bandit:~$ cat data.txt
VGhlIHBhc3N3b3JkIGlzIGR0UjE3M2ZaS2IwUlJzREZTR3NnMlJXbnBOVmozcVJyCg==
bandit10@bandit:~$ xxd data.txt
00000000: 5647 686c 4948 4268 6333 4e33 6233 4a6b  VGhlIHBhc3N3b3Jk
00000010: 4947 6c7a 4947 5230 556a 4533 4d32 5a61  IGlzIGR0UjE3M2Za
00000020: 5332 4977 556c 4a7a 5245 5a54 5233 4e6e  S2IwUlJzREZTR3Nn
00000030: 4d6c 4a58 626e 424f 566d 6f7a 6356 4a79  MlJXbnBOVmozcVJy
00000040: 4367 3d3d 0a                             Cg==.
bandit10@bandit:~$ base64 -d data.txt
The password is dtR173fZKb0RRsDFSGsg2RWnpNVj3qRr
bandit10@bandit:~$ 



Password: dtR173fZKb0RRsDFSGsg2RWnpNVj3qRr













Level 11-12

Steps: 

I read the documentation for the tr that was linked. 
I concatenated the file first and I saw the password. 

I used the usage for tr to rotate the string 13 alphabets ahead.

It's as follows:

bandit11@bandit:~$ ls
data.txt

bandit11@bandit:~$ cat data.txt
Gur cnffjbeq vf 7k16JArUVv5LxVuJfsSVdbbtaHGlw9D4

bandit11@bandit:~$ tr 'A-Za-z' 'N-ZA-Mn-za-m' <<< "7k16JArUVv5LxVuJfsSVdbbtaHGlw9D4"
7x16WNeHIi5YkIhWsfFIqoognUTyj9Q4




Password: 7x16WNeHIi5YkIhWsfFIqoognUTyj9Q4

